
> my-app@0.1.0 build
> next build

Γû▓ Next.js 16.1.6 (Turbopack)
- Environments: .env.local

npm : ΓÜá The "middleware" 
file convention is 
deprecated. Please use 
"proxy" instead. Learn 
more: https://nextjs.org/do
cs/messages/middleware-to-p
roxy
At line:1 char:1
+ npm run build > C:\projec
ts\poshak-prangon\build_out
put.txt 2>&1; Get ...
+ ~~~~~~~~~~~~~~~~~~~~~~~~~
~~~~~~~~~~~~~~~~~~~~~~~~~~~
~~~~~~~~~~~~
    + CategoryInfo         
     : NotSpecified: (ΓÜá  
   The "middle...leware-   
 to-proxy:String) [], R    
emoteException
    + FullyQualifiedErrorI 
   d : NativeCommandError
 
  Creating an optimized production build ...
Γ£ô Compiled successfully in 16.9s
  Running TypeScript ...
  Collecting page data using 3 workers ...
  Generating static pages using 3 workers (0/10) ...
  Generating static pages using 3 workers (2/10) 
  Generating static pages using 3 workers (4/10) 
  Generating static pages using 3 workers (7/10) 
Γ£ô Generating static pages using 3 workers (10/10) in 542.2ms
  Finalizing page optimization ...

Route (app)
Γöî Γùï /
Γö£ Γùï /_not-found
Γö£ ╞Æ /admin/dashboard
Γö£ Γùï /admin/login
Γö£ ╞Æ /api/admin/auth
Γö£ ╞Æ /api/admin/migrate
Γö£ ╞Æ /api/admin/update-status
Γö£ ╞Æ /api/order
Γöö Γùï /success


╞Æ Proxy (Middleware)

Γùï  (Static)   prerendered as static content
╞Æ  (Dynamic)  server-rendered on demand

