
> my-app@0.1.0 build
> next build

Γû▓ Next.js 16.1.6 (Turbopack)

  Creating an optimized production build ...
npm : Error: Cannot 
apply unknown utility 
class 
`from-primary-400`
At line:1 char:1
+ npm run build > 
build_error.log 2>&1
+ ~~~~~~~~~~~~~~~~~~~~~
~~~~~~~~~~~~~~~
    + CategoryInfo     
         : NotSpecifi  
  ed: (Error: Cannot   
  a...om-primary-40    
0`:String) [], Rem    
oteException
    + FullyQualifiedEr 
   rorId : NativeComm  
  andError
 
    [2m[at 
onInvalidCandidate (C:\
projects\poshak-prangon
\node_modules\tailwindc
ss\dist\lib.js:21:1511)
][0m
    [2m[at Ee (C:\proj
ects\poshak-prangon\nod
e_modules\tailwindcss\d
ist\lib.js:16:37066)][
0m
    [2m[at C:\projects
\poshak-prangon\node_mo
dules\tailwindcss\dist\
lib.js:21:355][0m
    [2m[at Pr (C:\proj
ects\poshak-prangon\nod
e_modules\tailwindcss\d
ist\lib.js:3:1733)][0m
    [2m[at _ (C:\proje
cts\poshak-prangon\node
_modules\tailwindcss\di
st\lib.js:3:1377)][0m
    [2m[at Te (C:\proj
ects\poshak-prangon\nod
e_modules\tailwindcss\d
ist\lib.js:21:172)][0m
    [2m[at pn (C:\proj
ects\poshak-prangon\nod
e_modules\tailwindcss\d
ist\lib.js:38:294)][0m
    [2m[at async dn (C
:\projects\poshak-prang
on\node_modules\tailwin
dcss\dist\lib.js:38:631
)][0m
    [2m[at async Xr (C
:\projects\poshak-prang
on\node_modules\@tailwi
ndcss\node\dist\index.j
s:10:3417)][0m
    [2m[at async N (C:
\projects\poshak-prango
n\node_modules\@tailwin
dcss\postcss\dist\index
.js:10:3979)][0m

> Build error occurred
Error: Turbopack build 
failed with 1 errors:
./src/app/globals.css
Error evaluating 
Node.js code
CssSyntaxError: 
tailwindcss: C:\project
s\poshak-prangon\src\ap
p\globals.css:1:1: 
Cannot apply unknown 
utility class 
`from-primary-400`
    at Input.error (nod
e_modules/postcss/lib/i
nput.js:135:16) [C:\pro
jects\poshak-prangon\.n
ext\build\chunks\node_m
odules_fe693df6._.js:46
51:22]
    at Root.error (node
_modules/postcss/lib/no
de.js:146:32) [C:\proje
cts\poshak-prangon\.nex
t\build\chunks\node_mod
ules_fe693df6._.js:928:
38]
    [at Object.Once (C:
\projects\poshak-prango
n\node_modules\@tailwin
dcss\postcss\dist\index
.js:10:6913)]
    at async 
LazyResult.runAsync (no
de_modules/postcss/lib/
lazy-result.js:293:11) 
[C:\projects\poshak-pra
ngon\.next\build\chunks
\node_modules_fe693df6.
_.js:6206:21]
    at async transform 
(turbopack:///[turbopac
k-node]/transforms/post
css.ts:70:34) [C:\proje
cts\poshak-prangon\.nex
t\build\chunks\[root-of
-the-server]__51225daf.
_.js:146:36]
    at async run (turbo
pack:///[turbopack-node
]/ipc/evaluate.ts:92:23
) [C:\projects\poshak-p
rangon\.next\build\chun
ks\[root-of-the-server]
__974941ed._.js:443:31]

Import trace:
  Client Component 
Browser:
    
./src/app/globals.css 
[Client Component 
Browser]
    
./src/app/layout.tsx 
[Server Component]


    at async transform 
(turbopack:///[turbopac
k-node]/transforms/post
css.ts:70:34) [C:\proje
cts\poshak-prangon\.nex
t\build\chunks\[root-of
-the-server]__51225daf.
_.js:146:36])
    at async run (turbo
pack:///[turbopack-node
]/ipc/evaluate.ts:92:23
) [C:\projects\poshak-p
rangon\.next\build\chun
ks\[root-of-the-server]
__974941ed._.js:443:31]
)
